[2023-04-24T20:42:16.097+0200][gc,init] CardTable entry size: 512
[2023-04-24T20:42:16.098+0200][gc     ] Using G1
[2023-04-24T20:42:16.113+0200][gc,init] Version: 20+36 (release)
[2023-04-24T20:42:16.113+0200][gc,init] CPUs: 8 total, 8 available
[2023-04-24T20:42:16.113+0200][gc,init] Memory: 15558M
[2023-04-24T20:42:16.113+0200][gc,init] Large Page Support: Disabled
[2023-04-24T20:42:16.113+0200][gc,init] NUMA Support: Disabled
[2023-04-24T20:42:16.113+0200][gc,init] Compressed Oops: Enabled (32-bit)
[2023-04-24T20:42:16.113+0200][gc,init] Heap Region Size: 1M
[2023-04-24T20:42:16.113+0200][gc,init] Heap Min Capacity: 1G
[2023-04-24T20:42:16.113+0200][gc,init] Heap Initial Capacity: 1G
[2023-04-24T20:42:16.113+0200][gc,init] Heap Max Capacity: 1G
[2023-04-24T20:42:16.113+0200][gc,init] Pre-touch: Disabled
[2023-04-24T20:42:16.113+0200][gc,init] Parallel Workers: 8
[2023-04-24T20:42:16.113+0200][gc,init] Concurrent Workers: 2
[2023-04-24T20:42:16.113+0200][gc,init] Concurrent Refinement Workers: 8
[2023-04-24T20:42:16.113+0200][gc,init] Periodic GC: Disabled
[2023-04-24T20:42:16.113+0200][gc,metaspace] CDS archive(s) mapped at: [0x0000000800000000-0x0000000800c64000-0x0000000800c64000), size 12992512, SharedBaseAddress: 0x0000000800000000, ArchiveRelocationMode: 0.
[2023-04-24T20:42:16.113+0200][gc,metaspace] Compressed class space mapped at: 0x0000000801000000-0x0000000841000000, reserved size: 1073741824
[2023-04-24T20:42:16.113+0200][gc,metaspace] Narrow klass base: 0x0000000800000000, Narrow klass shift: 0, Narrow klass range: 0x100000000
[2023-04-24T20:42:16.713+0200][gc,heap,exit] Heap
[2023-04-24T20:42:16.713+0200][gc,heap,exit]  garbage-first heap   total 1048576K, used 27628K [0x00000000c0000000, 0x0000000100000000)
[2023-04-24T20:42:16.713+0200][gc,heap,exit]   region size 1024K, 26 young (26624K), 0 survivors (0K)
[2023-04-24T20:42:16.713+0200][gc,heap,exit]  Metaspace       used 10275K, committed 10432K, reserved 1114112K
[2023-04-24T20:42:16.713+0200][gc,heap,exit]   class space    used 1167K, committed 1280K, reserved 1048576K
